[sikaj01@ip-10-56-112-33 jboss-manifests]$ git checkout main
Switched to branch 'main'
Your branch is up to date with 'origin/main'.
[sikaj01@ip-10-56-112-33 jboss-manifests]$ git pull origin main
From ssh://bitbucket.mgmt.cnxs.vpcaas.fcs.gsa.gov:7999/devops/argocd
 * branch            main       -> FETCH_HEAD
Already up to date.
[sikaj01@ip-10-56-112-33 jboss-manifests]$ git checkout init-argocd 
Switched to branch 'init-argocd'
Your branch and 'origin/init-argocd' have diverged,
and have 12 and 4 different commits each, respectively.
  (use "git pull" if you want to integrate the remote branch with yours)
[sikaj01@ip-10-56-112-33 jboss-manifests]$ git merge main
Already up to date.
[sikaj01@ip-10-56-112-33 jboss-manifests]$ git status
On branch init-argocd
Your branch and 'origin/init-argocd' have diverged,
and have 12 and 4 different commits each, respectively.
  (use "git pull" if you want to integrate the remote branch with yours)

nothing to commit, working tree clean