[sikaj01@ip-10-56-112-33 apache]$ cat env/dev/kustomization.yaml 
apiVersion: kustomize.config.k8s.io/v1beta1
kind: Kustomization

namespace: ingress-nginx

resources:
  - ../../

images:
  - name: 339713019047.dkr.ecr.us-east-1.amazonaws.com/conexus-apache-oidc
    newName: 339713019047.dkr.ecr.us-east-1.amazonaws.com/conexus-apache-oidc
    newTag: "1.3"[sikaj01@ip-10-56-112-33 apache]$ kustomize build env/dev | yq '.kind' | head 
Error: accumulating resources: accumulation err='accumulating resources from '../run-httpd.yaml': evalsymlink failure on '/efs/devopsdata/sikaj01/scripts/devvpc/k8s/apache/env/run-httpd.yaml' : lstat /efs/devopsdata/sikaj01/scripts/devvpc/k8s/apache/env/run-httpd.yaml: no such file or directory': must build at directory: not a valid directory: evalsymlink failure on '/efs/devopsdata/sikaj01/scripts/devvpc/k8s/apache/env/run-httpd.yaml' : lstat /efs/devopsdata/sikaj01/scripts/devvpc/k8s/apache/env/run-httpd.yaml: no such file or directory
null
[sikaj01@ip-10-56-112-33 apache]$ kustomize build env/dev | yq '.kind' | sort | uniq -c
Error: accumulating resources: accumulation err='accumulating resources from '../run-httpd.yaml': evalsymlink failure on '/efs/devopsdata/sikaj01/scripts/devvpc/k8s/apache/env/run-httpd.yaml' : lstat /efs/devopsdata/sikaj01/scripts/devvpc/k8s/apache/env/run-httpd.yaml: no such file or directory': must build at directory: not a valid directory: evalsymlink failure on '/efs/devopsdata/sikaj01/scripts/devvpc/k8s/apache/env/run-httpd.yaml' : lstat /efs/devopsdata/sikaj01/scripts/devvpc/k8s/apache/env/run-httpd.yaml: no such file or directory
      1 null
[sikaj01@ip-10-56-112-33 apache]$ cat env/dev/kustomization.yaml 
apiVersion: kustomize.config.k8s.io/v1beta1
kind: Kustomization

namespace: ingress-nginx

resources:
  - ../run-httpd.yaml

images:
  - name: 339713019047.dkr.ecr.us-east-1.amazonaws.com/conexus-apache-oidc
    newName: 339713019047.dkr.ecr.us-east-1.amazonaws.com/conexus-apache-oidc
    newTag: "1.3"[sikaj01@ip-10-56-112-33 apache]$ kustomize build env/dev | yq '.kind' | sort | uniq -c
Error: accumulating resources: accumulation err='accumulating resources from '../../run-httpd.yaml': security; file '/efs/devopsdata/sikaj01/scripts/devvpc/k8s/apache/run-httpd.yaml' is not in or below '/efs/devopsdata/sikaj01/scripts/devvpc/k8s/apache/env/dev'': must build at directory: '/efs/devopsdata/sikaj01/scripts/devvpc/k8s/apache/run-httpd.yaml': file is not directory
      1 null
[sikaj01@ip-10-56-112-33 apache]$ kustomize build env/dev | yq '.kind' | sort | uniq -c
Error: accumulating resources: accumulation err='accumulating resources from '../../run-httpd.yaml': security; file '/efs/devopsdata/sikaj01/scripts/devvpc/k8s/apache/run-httpd.yaml' is not in or below '/efs/devopsdata/sikaj01/scripts/devvpc/k8s/apache/env/dev'': must build at directory: '/efs/devopsdata/sikaj01/scripts/devvpc/k8s/apache/run-httpd.yaml': file is not directory
      1 null
[sikaj01@ip-10-56-112-33 apache]$ kustomize build env/dev | yq '.kind' | head 
Error: accumulating resources: accumulation err='accumulating resources from '../../run-httpd.yaml': security; file '/efs/devopsdata/sikaj01/scripts/devvpc/k8s/apache/run-httpd.yaml' is not in or below '/efs/devopsdata/sikaj01/scripts/devvpc/k8s/apache/env/dev'': must build at directory: '/efs/devopsdata/sikaj01/scripts/devvpc/k8s/apache/run-httpd.yaml': file is not directory
null
[sikaj01@ip-10-56-112-33 apache]$ cat env/dev/kustomization.yaml 
apiVersion: kustomize.config.k8s.io/v1beta1
kind: Kustomization

namespace: ingress-nginx

resources:
  - ../../run-httpd.yaml

images:
  - name: 339713019047.dkr.ecr.us-east-1.amazonaws.com/conexus-apache-oidc
    newName: 339713019047.dkr.ecr.us-east-1.amazonaws.com/conexus-apache-oidc